// Jest Snapshot v1, https://goo.gl/fbAQLP

exports[`<RoundedButton /> RoundedButton component renders correctly 1`] = `
<View
  style={
    Array [
      Object {
        "backgroundColor": "white",
        "borderRadius": 24,
        "elevation": 24,
        "height": 48,
        "marginHorizontal": 25,
        "marginVertical": 10,
        "shadowColor": "black",
        "shadowOffset": Object {
          "height": 8,
          "width": 0,
        },
        "shadowOpacity": 0.25,
        "shadowRadius": 16,
      },
      undefined,
    ]
  }
  testID={undefined}
>
  <View
    accessibilityComponentType={undefined}
    accessibilityLabel={undefined}
    accessibilityTraits={undefined}
    accessible={true}
    collapsable={undefined}
    hasTVPreferredFocus={undefined}
    hitSlop={undefined}
    isTVSelectable={true}
    nativeID={undefined}
    onLayout={undefined}
    onResponderGrant={[Function]}
    onResponderMove={[Function]}
    onResponderRelease={[Function]}
    onResponderTerminate={[Function]}
    onResponderTerminationRequest={[Function]}
    onStartShouldSetResponder={[Function]}
    style={
      Object {
        "height": "100%",
        "justifyContent": "center",
        "opacity": 1,
      }
    }
    testID={undefined}
    tvParallaxProperties={undefined}
  >
    <Text
      accessible={true}
      allowFontScaling={true}
      ellipsizeMode="tail"
      style={
        Object {
          "color": "#DE2C2E",
          "fontSize": 14,
          "fontWeight": "900",
          "textAlign": "center",
        }
      }
    />
  </View>
</View>
`;

exports[`<RoundedButton /> RoundedButton component with children renders correctly 1`] = `
<View
  style={
    Array [
      Object {
        "backgroundColor": "white",
        "borderRadius": 24,
        "elevation": 24,
        "height": 48,
        "marginHorizontal": 25,
        "marginVertical": 10,
        "shadowColor": "black",
        "shadowOffset": Object {
          "height": 8,
          "width": 0,
        },
        "shadowOpacity": 0.25,
        "shadowRadius": 16,
      },
      undefined,
    ]
  }
  testID={undefined}
>
  <View
    accessibilityComponentType={undefined}
    accessibilityLabel={undefined}
    accessibilityTraits={undefined}
    accessible={true}
    collapsable={undefined}
    hasTVPreferredFocus={undefined}
    hitSlop={undefined}
    isTVSelectable={true}
    nativeID={undefined}
    onLayout={undefined}
    onResponderGrant={[Function]}
    onResponderMove={[Function]}
    onResponderRelease={[Function]}
    onResponderTerminate={[Function]}
    onResponderTerminationRequest={[Function]}
    onStartShouldSetResponder={[Function]}
    style={
      Object {
        "height": "100%",
        "justifyContent": "center",
        "opacity": 1,
      }
    }
    testID={undefined}
    tvParallaxProperties={undefined}
  >
    <Text
      accessible={true}
      allowFontScaling={true}
      ellipsizeMode="tail"
      style={
        Object {
          "color": "#DE2C2E",
          "fontSize": 14,
          "fontWeight": "900",
          "textAlign": "center",
        }
      }
    />
  </View>
</View>
`;
